Archive member included because of file (symbol)

/usr/local/lib/gcc/i686-elf/4.8.4/libgcc.a(_udivdi3.o)
                              obj/i386/memorymanager.o (__udivdi3)

Allocating common symbols
Common symbol       size              file

ppos                0x4               obj/i386/console.o
prdt                0x4               obj/i386/ata.o
signalno            0x4               obj/i386/process.o
b                   0x4               obj/i386/fat.o
process_mutex       0x8               obj/i386/process.o
entrypoint          0x4               obj/i386/process.o
cyl                 0x1               obj/i386/floppy.o
hddmastruct         0x4               obj/i386/ata.o
tempfilename        0x3fc             obj/i386/process.o
vfs_mutex           0x8               obj/i386/vfs.o
tickcount           0x4               obj/i386/multitasking.o
tempargs            0x3fc             obj/i386/process.o
old                 0x4               obj/i386/vfs.o
characterdevice_mutex
                    0x8               obj/i386/device.o
tarptr              0x4               obj/i386/initrd.o
irq_handlers        0x3c              obj/i386/pic.o
memmanager_mutex    0x8               obj/i386/memorymanager.o
keybbuf             0x400             obj/i386/keyb.o
st0                 0x1               obj/i386/floppy.o
lfn                 0x20              obj/i386/fat.o
flags               0x4               obj/i386/ex.o
st                  0x7               obj/i386/floppy.o
floppybuf           0x4               obj/i386/floppy.o
blockdevice_mutex   0x8               obj/i386/device.o
thisprocess         0x4               obj/i386/process.o

Memory Configuration

Name             Origin             Length             Attributes
*default*        0x0000000000000000 0xffffffffffffffff

Linker script and memory map

LOAD obj/i386/aainit.o
LOAD obj/i386/aamemorymap.o
LOAD obj/i386/ata.o
LOAD obj/i386/ccp.o
LOAD obj/i386/clock.o
LOAD obj/i386/console.o
LOAD obj/i386/cpustate.o
LOAD obj/i386/device.o
LOAD obj/i386/drive.o
LOAD obj/i386/elf32.o
LOAD obj/i386/ex.o
LOAD obj/i386/fat.o
LOAD obj/i386/floppy.o
LOAD obj/i386/gdt.o
LOAD obj/i386/initializepaging.o
LOAD obj/i386/initrd.o
LOAD obj/i386/interrupts.o
LOAD obj/i386/keyb.o
LOAD obj/i386/memorymanager.o
LOAD obj/i386/module.o
LOAD obj/i386/multitasking.o
LOAD obj/i386/mutex.o
LOAD obj/i386/null.o
LOAD obj/i386/page.o
LOAD obj/i386/partition.o
LOAD obj/i386/pci.o
LOAD obj/i386/pic386.o
LOAD obj/i386/pic.o
LOAD obj/i386/pit.o
LOAD obj/i386/port.o
LOAD obj/i386/process.o
LOAD obj/i386/sched.o
LOAD obj/i386/serialio.o
LOAD obj/i386/stack.o
LOAD obj/i386/string.o
LOAD obj/i386/tss.o
LOAD obj/i386/usermode.o
LOAD obj/i386/vfs.o
LOAD obj/i386/yield.o
LOAD /usr/local/lib/gcc/i686-elf/4.8.4/libgcc.a
                0x0000000080100000                . = 0x80100000
                0x0000000080100000                kernel_begin = 0x80100000

.text           0x0000000080100000    0x1446c
 *(.text)
 .text          0x0000000080100000      0x236 obj/i386/aainit.o
                0x0000000080100000                _asm_init
                0x0000000080100202                gdt
                0x0000000080100232                MEMBUF_START
 *fill*         0x0000000080100236        0xa 
 .text          0x0000000080100240      0x151 obj/i386/aamemorymap.o
                0x0000000080100240                initialize_memory_map
 .text          0x0000000080100391     0x138d obj/i386/ata.o
                0x0000000080100391                ata_init
                0x00000000801004b9                ata_io
                0x0000000080100a77                ata_io_chs
                0x0000000080100d22                ata_ident
                0x0000000080100edb                ata_io_dma
                0x0000000080101678                irq14_handler
                0x0000000080101697                irq15_handler
                0x00000000801016b6                ata_ioctl
 .text          0x000000008010171e       0x45 obj/i386/ccp.o
                0x000000008010171e                kernel
 .text          0x0000000080101763      0x37a obj/i386/clock.o
                0x0000000080101763                clock_init
                0x00000000801017d5                gettime
                0x00000000801018cd                settime
                0x00000000801019ec                delay_loop
                0x0000000080101a4a                clockio
 .text          0x0000000080101add      0x350 obj/i386/console.o
                0x0000000080101add                console_init
                0x0000000080101b6f                outputconsole
                0x0000000080101d80                movecursor
 *fill*         0x0000000080101e2d        0x3 
 .text          0x0000000080101e30        0xc obj/i386/cpustate.o
                0x0000000080101e30                halt
                0x0000000080101e31                restart
 .text          0x0000000080101e3c      0x924 obj/i386/device.o
                0x0000000080101e3c                add_block_device
                0x0000000080101f55                add_char_device
                0x000000008010207e                blockio
                0x0000000080102279                findcharacterdevice
                0x0000000080102309                getblockdevice
                0x000000008010239d                getdevicebyname
                0x0000000080102454                update_block_device
                0x00000000801024f4                remove_block_device
                0x00000000801025d2                remove_char_device
                0x00000000801026ae                allocatedrive
                0x00000000801026f9                freedrive
                0x0000000080102722                devicemanager_init
 .text          0x0000000080102760       0x38 obj/i386/drive.o
                0x0000000080102760                driver_init
 .text          0x0000000080102798      0x3ef obj/i386/elf32.o
                0x0000000080102798                load_elf32
                0x0000000080102abf                elf32_init
 .text          0x0000000080102b87      0x1b5 obj/i386/ex.o
                0x0000000080102b87                exception
 .text          0x0000000080102d3c     0x66bf obj/i386/fat.o
                0x0000000080102d3c                fat_findfirst
                0x0000000080102d5e                fat_findnext
                0x0000000080102d80                fat_find
                0x00000000801037f1                fat_rename
                0x0000000080103dea                fat_rmdir
                0x0000000080103dfd                fat_mkdir
                0x0000000080103e18                fat_create
                0x0000000080103e33                fat_create_int
                0x00000000801049b6                fat_delete
                0x0000000080104d8f                fat_read
                0x00000000801054f8                fat_write
                0x0000000080106141                fat_chmod
                0x0000000080106379                fat_setfiletimedate
                0x000000008010661f                fat_findfreeblock
                0x00000000801069d9                fat_getstartblock
                0x0000000080106f9b                fat_getnextblock
                0x000000008010735f                updatefat
                0x0000000080107830                fat_detectchange
                0x0000000080107a1a                fat_convertfilename
                0x0000000080107b11                fat_readlfn
                0x0000000080108071                fat_writelfn
                0x0000000080108681                createshortname
                0x00000000801087d1                createlfnchecksum
                0x0000000080108816                deletelfn
                0x0000000080108ac2                createlfn
                0x0000000080109072                fat_seek
                0x0000000080109293                fatentrytofilename
                0x0000000080109348                fat_init
 .text          0x00000000801093fb      0xd57 obj/i386/floppy.o
                0x00000000801093fb                floppy_init
                0x00000000801095fe                motor_on
                0x0000000080109637                motor_off
                0x0000000080109678                initialize_floppy
                0x00000000801098ad                getstatus
                0x00000000801098ff                sector_io
                0x0000000080109c61                fd_io
                0x0000000080109e94                irq6_handler
                0x0000000080109ea4                reset_controller
                0x0000000080109ef8                floppy_writecommand
                0x0000000080109f48                waitforirq6
                0x0000000080109f58                checkstatus
 *fill*         0x000000008010a152        0xe 
 .text          0x000000008010a160       0x64 obj/i386/gdt.o
                0x000000008010a160                set_gdt
 *fill*         0x000000008010a1c4        0xc 
 .text          0x000000008010a1d0      0x211 obj/i386/initializepaging.o
                0x000000008010a1d0                initializepaging
                0x000000008010a386                unmap_lower_half
 .text          0x000000008010a3e1      0x6c3 obj/i386/initrd.o
                0x000000008010a3e1                initrd_findfirst
                0x000000008010a403                initrd_findnext
                0x000000008010a425                initrd_find
                0x000000008010a640                initrd_read
                0x000000008010a705                initrd_seek
                0x000000008010a7af                initrd_getstartblock
                0x000000008010a7db                initrd_init
                0x000000008010a962                initrd_io
                0x000000008010a9da                load_modules_from_initrd
 *fill*         0x000000008010aaa4        0xc 
 .text          0x000000008010aab0      0xba7 obj/i386/interrupts.o
                0x000000008010aab0                initialize_interrupts
                0x000000008010ac69                enable_interrupts
                0x000000008010ac6b                disable_interrupts
                0x000000008010ac6d                load_idt
                0x000000008010ac76                set_interrupt
                0x000000008010acb6                get_interrupt
 .text          0x000000008010b657      0x7d0 obj/i386/keyb.o
                0x000000008010b657                keyb_init
                0x000000008010b709                readconsole
                0x000000008010b7ac                readkey
 .text          0x000000008010be27      0x763 obj/i386/memorymanager.o
                0x000000008010be27                alloc_int
                0x000000008010c243                free_internal
                0x000000008010c351                alloc
                0x000000008010c37d                free
                0x000000008010c3a6                free_physical
                0x000000008010c3cf                kernelalloc
                0x000000008010c3fb                kernelfree
                0x000000008010c41f                kernelalloc_nopaging
                0x000000008010c44b                dma_alloc
                0x000000008010c4e5                memorymanager_init
 .text          0x000000008010c58a      0x97b obj/i386/module.o
                0x000000008010c58a                load_kernel_module
                0x000000008010cd09                getnameofsymbol
                0x000000008010cd86                getkernelsymbol
                0x000000008010ce07                add_external_module_symbol
                0x000000008010cebb                get_external_module_symbol
 .text          0x000000008010cf05      0x115 obj/i386/multitasking.o
                0x000000008010cf05                disablemultitasking
                0x000000008010cf1d                enablemultitasking
                0x000000008010cf35                init_multitasking
                0x000000008010cf5c                is_multitasking_enabled
                0x000000008010cf66                find_next_process_to_switch_to
                0x000000008010cf8f                is_process_ready_to_switch
                0x000000008010cfcd                reset_process_ticks
                0x000000008010cfde                get_tick_count
                0x000000008010cfe8                increment_tick_count
                0x000000008010cffa                kwait
 .text          0x000000008010d01a       0x71 obj/i386/mutex.o
                0x000000008010d01a                lock_mutex
                0x000000008010d05c                unlock_mutex
                0x000000008010d06d                initialize_mutex
 .text          0x000000008010d08b       0x5f obj/i386/null.o
                0x000000008010d08b                null_init
                0x000000008010d0e4                nul
 .text          0x000000008010d0ea      0x5fe obj/i386/page.o
                0x000000008010d0ea                addpage_int
                0x000000008010d1f1                page_init
                0x000000008010d35f                removepage
                0x000000008010d38a                freepages
                0x000000008010d43d                findfreevirtualpage
                0x000000008010d5b9                loadpagetable
                0x000000008010d5ff                getphysicaladdress
                0x000000008010d696                addpage_user
                0x000000008010d6bf                addpage_system
 .text          0x000000008010d6e8      0x639 obj/i386/partition.o
                0x000000008010d6e8                scan_partitions
                0x000000008010db44                gpt_hd_init
 .text          0x000000008010dd21      0x787 obj/i386/pci.o
                0x000000008010dd21                pci_init
                0x000000008010de45                pci_get_deviceid
                0x000000008010de71                pci_get_vendor
                0x000000008010de9d                pci_get_status
                0x000000008010dec9                pci_get_command
                0x000000008010def5                pci_put_command
                0x000000008010df74                pci_put_status
                0x000000008010dfd3                pci_get_class_code
                0x000000008010dfff                pci_get_subclass
                0x000000008010e030                pci_get_progif
                0x000000008010e05e                pci_get_revisionid
                0x000000008010e08c                pci_get_bar0
                0x000000008010e0b5                pci_get_bar1
                0x000000008010e0de                pci_get_bar2
                0x000000008010e107                pci_get_bar3
                0x000000008010e130                pci_get_bar4
                0x000000008010e159                pci_get_bar5
                0x000000008010e182                pci_get_cardbus_cis_pointer
                0x000000008010e1ab                pci_get_subsystemid
                0x000000008010e1d7                pci_get_subsytem_vendor_id
                0x000000008010e203                pci_get_header_type
                0x000000008010e22f                pci_get_secondary_bus
                0x000000008010e25d                pci_read_word
                0x000000008010e2ae                pci_write_word
                0x000000008010e306                pci_find_device
                0x000000008010e3cd                add_pci_device
 *fill*         0x000000008010e4a8        0x8 
 .text          0x000000008010e4b0      0x10e obj/i386/pic386.o
                0x000000008010e4b0                irq0
                0x000000008010e4bf                irq1
                0x000000008010e4ce                irq2
                0x000000008010e4dd                irq3
                0x000000008010e4ec                irq4
                0x000000008010e4fb                irq5
                0x000000008010e507                irq6
                0x000000008010e513                irq7
                0x000000008010e51f                irq8
                0x000000008010e52e                irq9
                0x000000008010e53a                irq10
                0x000000008010e549                irq11
                0x000000008010e555                irq12
                0x000000008010e561                irq13
                0x000000008010e56d                irq14
                0x000000008010e579                irq15
                0x000000008010e5a0                irq_exit
 .text          0x000000008010e5be      0x32e obj/i386/pic.o
                0x000000008010e5be                pic_init
                0x000000008010e8d9                setirqhandler
 .text          0x000000008010e8ec      0x162 obj/i386/pit.o
                0x000000008010e8ec                pit_init
                0x000000008010e989                pit_io
                0x000000008010ea3e                pit_read
                0x000000008010ea46                pit_write
 .text          0x000000008010ea4e       0xb0 obj/i386/port.o
                0x000000008010ea4e                outb
                0x000000008010ea6d                inb
                0x000000008010ea8a                outw
                0x000000008010eaab                inw
                0x000000008010eaca                outd
                0x000000008010eae2                ind
 .text          0x000000008010eafe     0x1764 obj/i386/process.o
                0x000000008010eafe                exec
                0x000000008010f09e                kill
                0x000000008010f1f5                exit
                0x000000008010f20d                shutdown
                0x000000008010f299                findfirstprocess
                0x000000008010f2d3                findnextprocess
                0x000000008010f335                wait
                0x000000008010f3b7                dispatchhandler
                0x000000008010faa6                getcwd
                0x000000008010fb67                chdir
                0x000000008010fc37                getpid
                0x000000008010fc53                setlasterror
                0x000000008010fc79                getlasterror
                0x000000008010fc99                getprocessfilename
                0x000000008010fcd6                getwriteconsolehandle
                0x000000008010fcf6                getreadconsolehandle
                0x000000008010fd16                getprocessargs
                0x000000008010fd42                getppid
                0x000000008010fd62                getreturncode
                0x000000008010fd82                increment_process_ticks
                0x000000008010fda0                ksleep
                0x000000008010fdc2                signal
                0x000000008010fde9                sendsignal
                0x000000008010fe95                set_critical_error_handler
                0x000000008010fea9                call_critical_error_handler
                0x000000008010feff                processmanager_init
                0x000000008010ff27                blockprocess
                0x000000008010ff81                unblockprocess
                0x000000008010ffdb                getenv
                0x000000008010ffeb                save_kernel_stack_pointer
                0x0000000080110009                get_kernel_stack_pointer
                0x0000000080110029                get_kernel_stack_top
                0x0000000080110049                get_processes_pointer
                0x0000000080110053                update_current_process_pointer
                0x0000000080110060                get_current_process_pointer
                0x000000008011006a                get_next_process_pointer
                0x0000000080110087                register_executable_format
                0x0000000080110186                load_executable
 *fill*         0x0000000080110262        0xe 
 .text          0x0000000080110270       0x72 obj/i386/sched.o
                0x0000000080110270                switch_task
                0x00000000801102dd                end_switch
 .text          0x00000000801102e2      0xb8a obj/i386/serialio.o
                0x00000000801102e2                serialio_init
                0x0000000080110843                comport
                0x0000000080110992                read_com1
                0x00000000801109bd                write_com1
                0x00000000801109e8                read_com2
                0x0000000080110a13                write_com2
                0x0000000080110a3e                read_com3
                0x0000000080110a69                write_com3
                0x0000000080110a94                read_com4
                0x0000000080110abf                write_com4
                0x0000000080110aea                com1_irq_handler
                0x0000000080110b42                com2_irq_handler
                0x0000000080110b9a                com3_irq_handler
                0x0000000080110bf2                com4_irq_handler
                0x0000000080110c4a                serial_ioctl
 *fill*         0x0000000080110e6c        0x4 
 .text          0x0000000080110e70       0x2e obj/i386/stack.o
                0x0000000080110e70                initializestack
                0x0000000080110e89                initializekernelstack
                0x0000000080110e97                get_stack_pointer
 .text          0x0000000080110e9e     0x1108 obj/i386/string.o
                0x0000000080110e9e                strlen
                0x0000000080110edd                strlen_unicode
                0x0000000080110f43                strcpy
                0x0000000080110f86                strcat
                0x0000000080110fd9                memcpy
                0x000000008011101e                memcmp
                0x000000008011106f                strcmp
                0x00000000801110ca                strcmpi
                0x0000000080111133                memset
                0x0000000080111173                itoa
                0x00000000801111e7                reverse
                0x000000008011124c                wildcard
                0x00000000801113d7                touppercase
                0x0000000080111419                wildcard_rename
                0x000000008011155a                strtrunc
                0x0000000080111584                atoi
                0x00000000801116d6                kprintf
                0x0000000080111947                kprintf_direct
                0x0000000080111b85                ksprintf
                0x0000000080111de8                tohex
                0x0000000080111ebf                tokenize_line
                0x0000000080111f7b                ipow
 *fill*         0x0000000080111fa6        0xa 
 .text          0x0000000080111fb0       0xc3 obj/i386/tss.o
                0x0000000080111fb0                set_tss_esp0
                0x0000000080111fba                get_stack_top
                0x0000000080111fc0                initialize_tss
 *fill*         0x0000000080112073        0xd 
 .text          0x0000000080112080       0x21 obj/i386/usermode.o
                0x0000000080112080                switch_to_usermode_and_call_process
 .text          0x00000000801120a1     0x2255 obj/i386/vfs.o
                0x00000000801120a1                findfirst
                0x0000000080112135                findnext
                0x00000000801121c9                open
                0x000000008011271c                delete
                0x00000000801127e2                rename
                0x00000000801128af                create
                0x0000000080112997                rmdir
                0x0000000080112a5d                mkdir
                0x0000000080112ae7                chmod
                0x0000000080112b78                read
                0x0000000080112d08                write
                0x0000000080112e8c                ioctl
                0x0000000080112f77                close
                0x0000000080113055                shut
                0x00000000801130d2                dup_internal
                0x000000008011322b                dup
                0x0000000080113247                dup2
                0x0000000080113363                register_filesystem
                0x0000000080113492                detect_filesystem
                0x00000000801135bc                getfullpath
                0x00000000801139b4                openfiles_init
                0x0000000080113b68                init_console_device
                0x0000000080113bd8                seek
                0x0000000080113cb6                tell
                0x0000000080113d47                setfiletimedate
                0x0000000080113db0                getstartblock
                0x0000000080113e25                gethandle
                0x0000000080113ec4                getfilesize
                0x0000000080113f41                splitname
                0x0000000080114050                updatehandle
                0x0000000080114198                get_filename_token
                0x000000008011424c                get_filename_token_count
                0x0000000080114288                change_file_owner_pid
 *fill*         0x00000000801142f6        0xa 
 .text          0x0000000080114300       0x33 obj/i386/yield.o
                0x0000000080114300                yield
 *fill*         0x0000000080114333        0xd 
 .text          0x0000000080114340      0x12c /usr/local/lib/gcc/i686-elf/4.8.4/libgcc.a(_udivdi3.o)
                0x0000000080114340                __udivdi3

.iplt           0x0000000080114470        0x0
 .iplt          0x0000000000000000        0x0 obj/i386/aainit.o

.data           0x0000000080114480      0x570
 *(.data)
 .data          0x0000000080114480        0x0 obj/i386/ata.o
 .data          0x0000000080114480        0x0 obj/i386/ccp.o
 .data          0x0000000080114480        0x0 obj/i386/clock.o
 .data          0x0000000080114480        0x0 obj/i386/console.o
 .data          0x0000000080114480        0x4 obj/i386/device.o
                0x0000000080114480                lastdrive
 .data          0x0000000080114484        0x0 obj/i386/drive.o
 .data          0x0000000080114484        0x0 obj/i386/elf32.o
 *fill*         0x0000000080114484       0x1c 
 .data          0x00000000801144a0       0xd8 obj/i386/ex.o
                0x00000000801144a0                exp
                0x0000000080114500                regnames
                0x0000000080114540                flagsname
 .data          0x0000000080114578        0x0 obj/i386/fat.o
 *fill*         0x0000000080114578        0x8 
 .data          0x0000000080114580       0x74 obj/i386/floppy.o
                0x0000000080114580                floppy_parameters
                0x0000000080114584                floppytype
                0x00000000801145a0                fdparams
 .data          0x00000000801145f4        0x0 obj/i386/initrd.o
 *fill*         0x00000000801145f4        0xc 
 .data          0x0000000080114600      0x2c0 obj/i386/keyb.o
                0x0000000080114600                scancodes_unshifted
                0x0000000080114760                scancodes_shifted
                0x00000000801148b8                keybuf
                0x00000000801148bc                keylast
 .data          0x00000000801148c0        0x0 obj/i386/memorymanager.o
 .data          0x00000000801148c0        0x0 obj/i386/module.o
 .data          0x00000000801148c0        0x0 obj/i386/multitasking.o
 .data          0x00000000801148c0        0x0 obj/i386/mutex.o
 .data          0x00000000801148c0        0x0 obj/i386/null.o
 .data          0x00000000801148c0        0xc obj/i386/page.o
                0x00000000801148c0                PAGE_SIZE
                0x00000000801148c4                paging_type
                0x00000000801148c8                processpaging
 .data          0x00000000801148cc        0x0 obj/i386/partition.o
 .data          0x00000000801148cc        0x0 obj/i386/pci.o
 .data          0x00000000801148cc        0x0 obj/i386/pic.o
 .data          0x00000000801148cc        0x0 obj/i386/pit.o
 .data          0x00000000801148cc        0x0 obj/i386/port.o
 .data          0x00000000801148cc        0x0 obj/i386/process.o
 *fill*         0x00000000801148cc       0x14 
 .data          0x00000000801148e0      0x110 obj/i386/serialio.o
                0x00000000801148e0                ports
                0x00000000801149c0                parityvals
 .data          0x00000000801149f0        0x0 obj/i386/string.o
 .data          0x00000000801149f0        0x0 obj/i386/vfs.o
 .data          0x00000000801149f0        0x0 /usr/local/lib/gcc/i686-elf/4.8.4/libgcc.a(_udivdi3.o)

.igot.plt       0x00000000801149f0        0x0
 .igot.plt      0x0000000000000000        0x0 obj/i386/aainit.o

.rodata         0x00000000801149f0     0x12e9
 *(.rodata)
 .rodata        0x00000000801149f0      0x12e obj/i386/ata.o
 *fill*         0x0000000080114b1e        0x2 
 .rodata        0x0000000080114b20       0x5f obj/i386/ccp.o
 *fill*         0x0000000080114b7f        0x1 
 .rodata        0x0000000080114b80       0x2e obj/i386/clock.o
 .rodata        0x0000000080114bae        0x7 obj/i386/console.o
 *fill*         0x0000000080114bb5        0x3 
 .rodata        0x0000000080114bb8       0x2d obj/i386/elf32.o
 *fill*         0x0000000080114be5        0x3 
 .rodata        0x0000000080114be8      0x27e obj/i386/ex.o
 .rodata        0x0000000080114e66       0x2c obj/i386/fat.o
 *fill*         0x0000000080114e92        0x2 
 .rodata        0x0000000080114e94       0xc0 obj/i386/floppy.o
 .rodata        0x0000000080114f54       0x68 obj/i386/initrd.o
 .rodata        0x0000000080114fbc      0x2b8 obj/i386/keyb.o
 .rodata        0x0000000080115274       0x27 obj/i386/memorymanager.o
 *fill*         0x000000008011529b        0x1 
 .rodata        0x000000008011529c      0x132 obj/i386/module.o
 .rodata        0x00000000801153ce        0x4 obj/i386/null.o
 .rodata        0x00000000801153d2        0x5 obj/i386/partition.o
 .rodata        0x00000000801153d7       0x22 obj/i386/pci.o
 .rodata        0x00000000801153f9        0x6 obj/i386/pit.o
 *fill*         0x00000000801153ff        0x1 
 .rodata        0x0000000080115400      0x376 obj/i386/process.o
 *fill*         0x0000000080115776        0x2 
 .rodata        0x0000000080115778       0xa0 obj/i386/serialio.o
 .rodata        0x0000000080115818      0x418 obj/i386/string.o
 .rodata        0x0000000080115c30       0xa9 obj/i386/vfs.o

.eh_frame       0x0000000080115cdc     0x2424
 .eh_frame      0x0000000080115cdc      0x138 obj/i386/ata.o
 .eh_frame      0x0000000080115e14       0x20 obj/i386/ccp.o
                                         0x38 (size before relaxing)
 .eh_frame      0x0000000080115e34       0xa0 obj/i386/clock.o
                                         0xb8 (size before relaxing)
 .eh_frame      0x0000000080115ed4       0x60 obj/i386/console.o
                                         0x78 (size before relaxing)
 .eh_frame      0x0000000080115f34      0x18c obj/i386/device.o
                                        0x1a4 (size before relaxing)
 .eh_frame      0x00000000801160c0       0x20 obj/i386/drive.o
                                         0x38 (size before relaxing)
 .eh_frame      0x00000000801160e0       0x4c obj/i386/elf32.o
                                         0x64 (size before relaxing)
 .eh_frame      0x000000008011612c       0x20 obj/i386/ex.o
                                         0x38 (size before relaxing)
 .eh_frame      0x000000008011614c      0x424 obj/i386/fat.o
                                        0x43c (size before relaxing)
 .eh_frame      0x0000000080116570      0x198 obj/i386/floppy.o
                                        0x1b0 (size before relaxing)
 .eh_frame      0x0000000080116708      0x120 obj/i386/initrd.o
                                        0x138 (size before relaxing)
 .eh_frame      0x0000000080116828       0x60 obj/i386/keyb.o
                                         0x78 (size before relaxing)
 .eh_frame      0x0000000080116888      0x150 obj/i386/memorymanager.o
                                        0x168 (size before relaxing)
 .eh_frame      0x00000000801169d8       0xa4 obj/i386/module.o
                                         0xbc (size before relaxing)
 .eh_frame      0x0000000080116a7c      0x140 obj/i386/multitasking.o
                                        0x158 (size before relaxing)
 .eh_frame      0x0000000080116bbc       0x64 obj/i386/mutex.o
                                         0x7c (size before relaxing)
 .eh_frame      0x0000000080116c20       0x40 obj/i386/null.o
                                         0x58 (size before relaxing)
 .eh_frame      0x0000000080116c60      0x134 obj/i386/page.o
                                        0x14c (size before relaxing)
 .eh_frame      0x0000000080116d94       0x50 obj/i386/partition.o
                                         0x68 (size before relaxing)
 .eh_frame      0x0000000080116de4      0x348 obj/i386/pci.o
                                        0x360 (size before relaxing)
 .eh_frame      0x000000008011712c       0x40 obj/i386/pic.o
                                         0x58 (size before relaxing)
 .eh_frame      0x000000008011716c       0x84 obj/i386/pit.o
                                         0x9c (size before relaxing)
 .eh_frame      0x00000000801171f0       0xc0 obj/i386/port.o
                                         0xd8 (size before relaxing)
 .eh_frame      0x00000000801172b0      0x4c8 obj/i386/process.o
                                        0x4e0 (size before relaxing)
 .eh_frame      0x0000000080117778      0x1f8 obj/i386/serialio.o
                                        0x210 (size before relaxing)
 .eh_frame      0x0000000080117970      0x2c4 obj/i386/string.o
                                        0x2dc (size before relaxing)
 .eh_frame      0x0000000080117c34      0x460 obj/i386/vfs.o
                                        0x478 (size before relaxing)
 .eh_frame      0x0000000080118094       0x6c /usr/local/lib/gcc/i686-elf/4.8.4/libgcc.a(_udivdi3.o)
                                         0x84 (size before relaxing)

.rel.dyn        0x0000000080118100        0x0
 .rel.iplt      0x0000000000000000        0x0 obj/i386/aainit.o
 .rel.text      0x0000000000000000        0x0 obj/i386/aainit.o
 .rel.data      0x0000000000000000        0x0 obj/i386/aainit.o

.bss            0x0000000080118100      0xd8c
 *(.bss)
 .bss           0x0000000080118100        0x8 obj/i386/ata.o
                0x0000000080118100                ata_irq14done
                0x0000000080118104                ata_irq15done
 .bss           0x0000000080118108        0x0 obj/i386/ccp.o
 .bss           0x0000000080118108        0x0 obj/i386/clock.o
 .bss           0x0000000080118108        0x0 obj/i386/console.o
 .bss           0x0000000080118108        0xc obj/i386/device.o
                0x0000000080118108                blockdevices
                0x000000008011810c                characterdevs
                0x0000000080118110                drive_bitmap
 .bss           0x0000000080118114        0x0 obj/i386/drive.o
 .bss           0x0000000080118114        0x0 obj/i386/elf32.o
 .bss           0x0000000080118114        0x0 obj/i386/ex.o
 .bss           0x0000000080118114        0x0 obj/i386/fat.o
 .bss           0x0000000080118114        0x4 obj/i386/floppy.o
                0x0000000080118114                irq6done
 .bss           0x0000000080118118        0x0 obj/i386/initrd.o
 .bss           0x0000000080118118       0x14 obj/i386/keyb.o
                0x0000000080118118                capson
                0x000000008011811c                shiftpressed
                0x0000000080118120                ctrlpressed
                0x0000000080118124                altpressed
                0x0000000080118128                readcount
 .bss           0x000000008011812c        0xc obj/i386/memorymanager.o
                0x000000008011812c                dmabuf
                0x0000000080118130                dmaptr
                0x0000000080118134                dmabufsize
 .bss           0x0000000080118138        0x8 obj/i386/module.o
                0x0000000080118138                externalmodulesymbols
                0x000000008011813c                externalmodulesymbols_end
 .bss           0x0000000080118140        0x4 obj/i386/multitasking.o
                0x0000000080118140                multitaskingenabled
 .bss           0x0000000080118144        0x0 obj/i386/mutex.o
 .bss           0x0000000080118144        0x0 obj/i386/null.o
 .bss           0x0000000080118144        0x0 obj/i386/page.o
 .bss           0x0000000080118144        0x0 obj/i386/partition.o
 .bss           0x0000000080118144        0x0 obj/i386/pci.o
 .bss           0x0000000080118144        0x0 obj/i386/pic.o
 .bss           0x0000000080118144        0x0 obj/i386/pit.o
 .bss           0x0000000080118144        0x0 obj/i386/port.o
 .bss           0x0000000080118144       0x1c obj/i386/process.o
                0x0000000080118144                last_error_no_process
                0x0000000080118148                processes
                0x000000008011814c                processes_end
                0x0000000080118150                currentprocess
                0x0000000080118154                highest_pid_used
                0x0000000080118158                saveenv
                0x000000008011815c                executableformats
 .bss           0x0000000080118160        0x0 obj/i386/serialio.o
 .bss           0x0000000080118160        0x0 obj/i386/string.o
 .bss           0x0000000080118160        0xc obj/i386/vfs.o
                0x0000000080118160                openfiles
                0x0000000080118164                filesystems
                0x0000000080118168                timescalled
 .bss           0x000000008011816c        0x0 /usr/local/lib/gcc/i686-elf/4.8.4/libgcc.a(_udivdi3.o)
 COMMON         0x000000008011816c        0x8 obj/i386/ata.o
                0x000000008011816c                prdt
                0x0000000080118170                hddmastruct
 COMMON         0x0000000080118174        0x4 obj/i386/console.o
                0x0000000080118174                ppos
 COMMON         0x0000000080118178       0x10 obj/i386/device.o
                0x0000000080118178                characterdevice_mutex
                0x0000000080118180                blockdevice_mutex
 COMMON         0x0000000080118188        0x4 obj/i386/ex.o
                0x0000000080118188                flags
 *fill*         0x000000008011818c       0x14 
 COMMON         0x00000000801181a0       0x40 obj/i386/fat.o
                0x00000000801181a0                b
                0x00000000801181c0                lfn
 COMMON         0x00000000801181e0       0x10 obj/i386/floppy.o
                0x00000000801181e0                cyl
                0x00000000801181e1                st0
                0x00000000801181e2                st
                0x00000000801181ec                floppybuf
 COMMON         0x00000000801181f0        0x4 obj/i386/initrd.o
                0x00000000801181f0                tarptr
 *fill*         0x00000000801181f4        0xc 
 COMMON         0x0000000080118200      0x400 obj/i386/keyb.o
                0x0000000080118200                keybbuf
 COMMON         0x0000000080118600        0x8 obj/i386/memorymanager.o
                0x0000000080118600                memmanager_mutex
 COMMON         0x0000000080118608        0x4 obj/i386/multitasking.o
                0x0000000080118608                tickcount
 *fill*         0x000000008011860c       0x14 
 COMMON         0x0000000080118620       0x3c obj/i386/pic.o
                0x0000000080118620                irq_handlers
 *fill*         0x000000008011865c        0x4 
 COMMON         0x0000000080118660      0x820 obj/i386/process.o
                0x0000000080118660                signalno
                0x0000000080118664                process_mutex
                0x000000008011866c                entrypoint
                0x0000000080118680                tempfilename
                0x0000000080118a80                tempargs
                0x0000000080118e7c                thisprocess
 COMMON         0x0000000080118e80        0xc obj/i386/vfs.o
                0x0000000080118e80                vfs_mutex
                0x0000000080118e88                old
                0x0000000080118e8c                end = .
OUTPUT(bin/i386/CCP.SYS elf32-i386)

.comment        0x0000000000000000       0x11
 .comment       0x0000000000000000       0x11 obj/i386/ata.o
                                         0x12 (size before relaxing)
 .comment       0x0000000000000000       0x12 obj/i386/ccp.o
 .comment       0x0000000000000000       0x12 obj/i386/clock.o
 .comment       0x0000000000000000       0x12 obj/i386/console.o
 .comment       0x0000000000000000       0x12 obj/i386/device.o
 .comment       0x0000000000000000       0x12 obj/i386/drive.o
 .comment       0x0000000000000000       0x12 obj/i386/elf32.o
 .comment       0x0000000000000000       0x12 obj/i386/ex.o
 .comment       0x0000000000000000       0x12 obj/i386/fat.o
 .comment       0x0000000000000000       0x12 obj/i386/floppy.o
 .comment       0x0000000000000000       0x12 obj/i386/initrd.o
 .comment       0x0000000000000000       0x12 obj/i386/keyb.o
 .comment       0x0000000000000000       0x12 obj/i386/memorymanager.o
 .comment       0x0000000000000000       0x12 obj/i386/module.o
 .comment       0x0000000000000000       0x12 obj/i386/multitasking.o
 .comment       0x0000000000000000       0x12 obj/i386/mutex.o
 .comment       0x0000000000000000       0x12 obj/i386/null.o
 .comment       0x0000000000000000       0x12 obj/i386/page.o
 .comment       0x0000000000000000       0x12 obj/i386/partition.o
 .comment       0x0000000000000000       0x12 obj/i386/pci.o
 .comment       0x0000000000000000       0x12 obj/i386/pic.o
 .comment       0x0000000000000000       0x12 obj/i386/pit.o
 .comment       0x0000000000000000       0x12 obj/i386/port.o
 .comment       0x0000000000000000       0x12 obj/i386/process.o
 .comment       0x0000000000000000       0x12 obj/i386/serialio.o
 .comment       0x0000000000000000       0x12 obj/i386/string.o
 .comment       0x0000000000000000       0x12 obj/i386/vfs.o
 .comment       0x0000000000000000       0x12 /usr/local/lib/gcc/i686-elf/4.8.4/libgcc.a(_udivdi3.o)

.debug_info     0x0000000000000000      0x68b
 .debug_info    0x0000000000000000      0x3ad obj/i386/console.o
 .debug_info    0x00000000000003ad      0x2de /usr/local/lib/gcc/i686-elf/4.8.4/libgcc.a(_udivdi3.o)

.debug_abbrev   0x0000000000000000      0x29f
 .debug_abbrev  0x0000000000000000      0x168 obj/i386/console.o
 .debug_abbrev  0x0000000000000168      0x137 /usr/local/lib/gcc/i686-elf/4.8.4/libgcc.a(_udivdi3.o)

.debug_aranges  0x0000000000000000       0x40
 .debug_aranges
                0x0000000000000000       0x20 obj/i386/console.o
 .debug_aranges
                0x0000000000000020       0x20 /usr/local/lib/gcc/i686-elf/4.8.4/libgcc.a(_udivdi3.o)

.debug_line     0x0000000000000000      0x211
 .debug_line    0x0000000000000000      0x159 obj/i386/console.o
 .debug_line    0x0000000000000159       0xb8 /usr/local/lib/gcc/i686-elf/4.8.4/libgcc.a(_udivdi3.o)

.debug_str      0x0000000000000000      0x3b3
 .debug_str     0x0000000000000000      0x255 obj/i386/console.o
                                        0x2c2 (size before relaxing)
 .debug_str     0x0000000000000255      0x15e /usr/local/lib/gcc/i686-elf/4.8.4/libgcc.a(_udivdi3.o)
                                        0x212 (size before relaxing)

.debug_loc      0x0000000000000000      0x4dc
 .debug_loc     0x0000000000000000      0x4dc /usr/local/lib/gcc/i686-elf/4.8.4/libgcc.a(_udivdi3.o)

.debug_ranges   0x0000000000000000       0x48
 .debug_ranges  0x0000000000000000       0x48 /usr/local/lib/gcc/i686-elf/4.8.4/libgcc.a(_udivdi3.o)
