Archive member included because of file (symbol)

/usr/local/lib/gcc/i686-elf/4.8.4/libgcc.a(_udivdi3.o)
                              obj/i386/memorymanager.o (__udivdi3)

Allocating common symbols
Common symbol       size              file

ppos                0x4               obj/i386/console.o
prdt                0x4               obj/i386/ata.o
signalno            0x4               obj/i386/process.o
b                   0x4               obj/i386/fat.o
process_mutex       0x8               obj/i386/process.o
entrypoint          0x4               obj/i386/process.o
cyl                 0x1               obj/i386/floppy.o
hddmastruct         0x4               obj/i386/ata.o
tempfilename        0x3fc             obj/i386/process.o
vfs_mutex           0x8               obj/i386/vfs.o
tickcount           0x4               obj/i386/multitasking.o
tempargs            0x3fc             obj/i386/process.o
old                 0x4               obj/i386/vfs.o
characterdevice_mutex
                    0x8               obj/i386/device.o
tarptr              0x4               obj/i386/initrd.o
irq_handlers        0x3c              obj/i386/pic.o
memmanager_mutex    0x8               obj/i386/memorymanager.o
keybbuf             0x400             obj/i386/keyb.o
st0                 0x1               obj/i386/floppy.o
lfn                 0x20              obj/i386/fat.o
flags               0x4               obj/i386/ex.o
st                  0x7               obj/i386/floppy.o
floppybuf           0x4               obj/i386/floppy.o
blockdevice_mutex   0x8               obj/i386/device.o
thisprocess         0x4               obj/i386/process.o

Memory Configuration

Name             Origin             Length             Attributes
*default*        0x0000000000000000 0xffffffffffffffff

Linker script and memory map

LOAD obj/i386/aainit.o
LOAD obj/i386/aamemorymap.o
LOAD obj/i386/ata.o
LOAD obj/i386/ccp.o
LOAD obj/i386/clock.o
LOAD obj/i386/console.o
LOAD obj/i386/cpustate.o
LOAD obj/i386/device.o
LOAD obj/i386/drive.o
LOAD obj/i386/elf32.o
LOAD obj/i386/ex.o
LOAD obj/i386/fat.o
LOAD obj/i386/floppy.o
LOAD obj/i386/gdt.o
LOAD obj/i386/initializepaging.o
LOAD obj/i386/initrd.o
LOAD obj/i386/interrupts.o
LOAD obj/i386/keyb.o
LOAD obj/i386/memorymanager.o
LOAD obj/i386/module.o
LOAD obj/i386/multitasking.o
LOAD obj/i386/mutex.o
LOAD obj/i386/null.o
LOAD obj/i386/page.o
LOAD obj/i386/partition.o
LOAD obj/i386/pci.o
LOAD obj/i386/pic386.o
LOAD obj/i386/pic.o
LOAD obj/i386/pit.o
LOAD obj/i386/port.o
LOAD obj/i386/process.o
LOAD obj/i386/sched.o
LOAD obj/i386/serialio.o
LOAD obj/i386/stack.o
LOAD obj/i386/string.o
LOAD obj/i386/tss.o
LOAD obj/i386/usermode.o
LOAD obj/i386/vfs.o
LOAD obj/i386/yield.o
LOAD /usr/local/lib/gcc/i686-elf/4.8.4/libgcc.a
                0x0000000080100000                . = 0x80100000
                0x0000000080100000                kernel_begin = 0x80100000

.text           0x0000000080100000    0x1447c
 *(.text)
 .text          0x0000000080100000      0x231 obj/i386/aainit.o
                0x0000000080100000                _asm_init
                0x00000000801001fd                gdt
                0x000000008010022d                MEMBUF_START
 *fill*         0x0000000080100231        0xf 
 .text          0x0000000080100240      0x10d obj/i386/aamemorymap.o
                0x0000000080100240                initialize_memory_map
 .text          0x000000008010034d     0x138d obj/i386/ata.o
                0x000000008010034d                ata_init
                0x0000000080100475                ata_io
                0x0000000080100a33                ata_io_chs
                0x0000000080100cde                ata_ident
                0x0000000080100e97                ata_io_dma
                0x0000000080101634                irq14_handler
                0x0000000080101653                irq15_handler
                0x0000000080101672                ata_ioctl
 .text          0x00000000801016da       0x45 obj/i386/ccp.o
                0x00000000801016da                kernel
 .text          0x000000008010171f      0x37a obj/i386/clock.o
                0x000000008010171f                gettime
                0x0000000080101817                settime
                0x0000000080101936                delay_loop
                0x0000000080101994                clockio
                0x0000000080101a27                clock_init
 .text          0x0000000080101a99      0x350 obj/i386/console.o
                0x0000000080101a99                outputconsole
                0x0000000080101caa                movecursor
                0x0000000080101d57                console_init
 *fill*         0x0000000080101de9        0x7 
 .text          0x0000000080101df0        0xc obj/i386/cpustate.o
                0x0000000080101df0                halt
                0x0000000080101df1                restart
 .text          0x0000000080101dfc      0x924 obj/i386/device.o
                0x0000000080101dfc                add_block_device
                0x0000000080101f15                add_char_device
                0x000000008010203e                blockio
                0x0000000080102239                findcharacterdevice
                0x00000000801022c9                getblockdevice
                0x000000008010235d                getdevicebyname
                0x0000000080102414                update_block_device
                0x00000000801024b4                remove_block_device
                0x0000000080102592                remove_char_device
                0x000000008010266e                allocatedrive
                0x00000000801026b9                freedrive
                0x00000000801026e2                devicemanager_init
 .text          0x0000000080102720       0xb0 obj/i386/drive.o
                0x0000000080102720                driver_init
 .text          0x00000000801027d0      0x3ef obj/i386/elf32.o
                0x00000000801027d0                load_elf32
                0x0000000080102af7                elf32_init
 .text          0x0000000080102bbf      0x1b5 obj/i386/ex.o
                0x0000000080102bbf                exception
 .text          0x0000000080102d74     0x66bf obj/i386/fat.o
                0x0000000080102d74                fat_findfirst
                0x0000000080102d96                fat_findnext
                0x0000000080102db8                fat_find
                0x0000000080103829                fat_rename
                0x0000000080103e22                fat_rmdir
                0x0000000080103e35                fat_mkdir
                0x0000000080103e50                fat_create
                0x0000000080103e6b                fat_create_int
                0x00000000801049ee                fat_delete
                0x0000000080104dc7                fat_read
                0x0000000080105530                fat_write
                0x0000000080106179                fat_chmod
                0x00000000801063b1                fat_setfiletimedate
                0x0000000080106657                fat_findfreeblock
                0x0000000080106a11                fat_getstartblock
                0x0000000080106fd3                fat_getnextblock
                0x0000000080107397                updatefat
                0x0000000080107868                fat_detectchange
                0x0000000080107a52                fat_convertfilename
                0x0000000080107b49                fat_readlfn
                0x00000000801080a9                fat_writelfn
                0x00000000801086b9                createshortname
                0x0000000080108809                createlfnchecksum
                0x000000008010884e                deletelfn
                0x0000000080108afa                createlfn
                0x00000000801090aa                fat_seek
                0x00000000801092cb                fatentrytofilename
                0x0000000080109380                fat_init
 .text          0x0000000080109433      0xd5c obj/i386/floppy.o
                0x0000000080109433                motor_on
                0x000000008010946c                motor_off
                0x00000000801094ad                initialize_floppy
                0x00000000801096e2                getstatus
                0x0000000080109734                sector_io
                0x0000000080109a9b                fd_io
                0x0000000080109cce                irq6_handler
                0x0000000080109cde                reset_controller
                0x0000000080109d32                floppy_writecommand
                0x0000000080109d82                floppy_init
                0x0000000080109f85                waitforirq6
                0x0000000080109f95                checkstatus
 *fill*         0x000000008010a18f        0x1 
 .text          0x000000008010a190       0x64 obj/i386/gdt.o
                0x000000008010a190                set_gdt
 *fill*         0x000000008010a1f4        0xc 
 .text          0x000000008010a200      0x211 obj/i386/initializepaging.o
                0x000000008010a200                initializepaging
                0x000000008010a3b6                unmap_lower_half
 .text          0x000000008010a411      0x5de obj/i386/initrd.o
                0x000000008010a411                initrd_findfirst
                0x000000008010a433                initrd_findnext
                0x000000008010a455                initrd_find
                0x000000008010a5d7                initrd_read
                0x000000008010a681                initrd_seek
                0x000000008010a72b                initrd_getstartblock
                0x000000008010a757                initrd_init
                0x000000008010a8de                initrd_io
                0x000000008010a956                load_modules_from_initrd
 *fill*         0x000000008010a9ef        0x1 
 .text          0x000000008010a9f0      0xb9d obj/i386/interrupts.o
                0x000000008010a9f0                initialize_interrupts
                0x000000008010aba9                enable_interrupts
                0x000000008010abab                disable_interrupts
                0x000000008010abad                load_idt
                0x000000008010abb6                set_interrupt
                0x000000008010abf6                get_interrupt
 .text          0x000000008010b58d      0x7d0 obj/i386/keyb.o
                0x000000008010b58d                readconsole
                0x000000008010b630                readkey
                0x000000008010bcab                keyb_init
 .text          0x000000008010bd5d      0x763 obj/i386/memorymanager.o
                0x000000008010bd5d                alloc_int
                0x000000008010c179                free_internal
                0x000000008010c287                alloc
                0x000000008010c2b3                free
                0x000000008010c2dc                free_physical
                0x000000008010c305                kernelalloc
                0x000000008010c331                kernelfree
                0x000000008010c355                kernelalloc_nopaging
                0x000000008010c381                dma_alloc
                0x000000008010c41b                memorymanager_init
 .text          0x000000008010c4c0      0xa9b obj/i386/module.o
                0x000000008010c4c0                load_kernel_module
                0x000000008010cd7c                getnameofsymbol
                0x000000008010cdc9                getkernelsymbol
                0x000000008010ce4a                add_external_module_symbol
                0x000000008010cefe                get_external_module_symbol
 .text          0x000000008010cf5b      0x105 obj/i386/multitasking.o
                0x000000008010cf5b                disablemultitasking
                0x000000008010cf6b                enablemultitasking
                0x000000008010cf7b                init_multitasking
                0x000000008010cfa2                is_multitasking_enabled
                0x000000008010cfac                find_next_process_to_switch_to
                0x000000008010cfd5                is_process_ready_to_switch
                0x000000008010d013                reset_process_ticks
                0x000000008010d024                get_tick_count
                0x000000008010d02e                increment_tick_count
                0x000000008010d040                kwait
 .text          0x000000008010d060       0x71 obj/i386/mutex.o
                0x000000008010d060                lock_mutex
                0x000000008010d0a2                unlock_mutex
                0x000000008010d0b3                initialize_mutex
 .text          0x000000008010d0d1       0x5f obj/i386/null.o
                0x000000008010d0d1                nul
                0x000000008010d0d7                null_init
 .text          0x000000008010d130      0x5fe obj/i386/page.o
                0x000000008010d130                addpage_int
                0x000000008010d237                page_init
                0x000000008010d3a5                removepage
                0x000000008010d3d0                freepages
                0x000000008010d483                findfreevirtualpage
                0x000000008010d5ff                loadpagetable
                0x000000008010d645                getphysicaladdress
                0x000000008010d6dc                addpage_user
                0x000000008010d705                addpage_system
 .text          0x000000008010d72e      0x639 obj/i386/partition.o
                0x000000008010d72e                scan_partitions
                0x000000008010db8a                gpt_hd_init
 .text          0x000000008010dd67      0x787 obj/i386/pci.o
                0x000000008010dd67                pci_get_deviceid
                0x000000008010dd93                pci_get_vendor
                0x000000008010ddbf                pci_get_status
                0x000000008010ddeb                pci_get_command
                0x000000008010de17                pci_put_command
                0x000000008010de96                pci_put_status
                0x000000008010def5                pci_get_class_code
                0x000000008010df21                pci_get_subclass
                0x000000008010df52                pci_get_progif
                0x000000008010df80                pci_get_revisionid
                0x000000008010dfae                pci_get_bar0
                0x000000008010dfd7                pci_get_bar1
                0x000000008010e000                pci_get_bar2
                0x000000008010e029                pci_get_bar3
                0x000000008010e052                pci_get_bar4
                0x000000008010e07b                pci_get_bar5
                0x000000008010e0a4                pci_get_cardbus_cis_pointer
                0x000000008010e0cd                pci_get_subsystemid
                0x000000008010e0f9                pci_get_subsytem_vendor_id
                0x000000008010e125                pci_get_header_type
                0x000000008010e151                pci_get_secondary_bus
                0x000000008010e17f                pci_read_word
                0x000000008010e1d0                pci_write_word
                0x000000008010e228                pci_find_device
                0x000000008010e2ef                pci_init
                0x000000008010e413                add_pci_device
 *fill*         0x000000008010e4ee        0x2 
 .text          0x000000008010e4f0      0x123 obj/i386/pic386.o
                0x000000008010e4f0                irq0
                0x000000008010e4ff                irq1
                0x000000008010e50e                irq2
                0x000000008010e51d                irq3
                0x000000008010e52c                irq4
                0x000000008010e53b                irq5
                0x000000008010e547                irq6
                0x000000008010e553                irq7
                0x000000008010e55f                irq8
                0x000000008010e56e                irq9
                0x000000008010e57a                irq10
                0x000000008010e589                irq11
                0x000000008010e595                irq12
                0x000000008010e5a1                irq13
                0x000000008010e5ad                irq14
                0x000000008010e5b9                irq15
                0x000000008010e5ed                irq_exit
 .text          0x000000008010e613      0x32e obj/i386/pic.o
                0x000000008010e613                setirqhandler
                0x000000008010e626                pic_init
 .text          0x000000008010e941      0x162 obj/i386/pit.o
                0x000000008010e941                pit_init
                0x000000008010e9de                pit_io
                0x000000008010ea93                pit_read
                0x000000008010ea9b                pit_write
 .text          0x000000008010eaa3       0xb0 obj/i386/port.o
                0x000000008010eaa3                outb
                0x000000008010eac2                inb
                0x000000008010eadf                outw
                0x000000008010eb00                inw
                0x000000008010eb1f                outd
                0x000000008010eb37                ind
 .text          0x000000008010eb53     0x170d obj/i386/process.o
                0x000000008010eb53                exec
                0x000000008010f0c0                kill
                0x000000008010f217                exit
                0x000000008010f22f                shutdown
                0x000000008010f2bb                findfirstprocess
                0x000000008010f2f5                findnextprocess
                0x000000008010f357                wait
                0x000000008010f3d9                dispatchhandler
                0x000000008010fac8                getcwd
                0x000000008010fb89                chdir
                0x000000008010fc59                getpid
                0x000000008010fc75                setlasterror
                0x000000008010fc9b                getlasterror
                0x000000008010fcbb                getprocessfilename
                0x000000008010fcf8                getwriteconsolehandle
                0x000000008010fd18                getreadconsolehandle
                0x000000008010fd38                getprocessargs
                0x000000008010fd64                getppid
                0x000000008010fd84                getreturncode
                0x000000008010fda4                increment_process_ticks
                0x000000008010fdc2                ksleep
                0x000000008010fde4                signal
                0x000000008010fe0b                sendsignal
                0x000000008010feb7                set_critical_error_handler
                0x000000008010fecb                call_critical_error_handler
                0x000000008010ff21                processmanager_init
                0x000000008010ff49                blockprocess
                0x000000008010ffa3                unblockprocess
                0x000000008010fffd                getenv
                0x000000008011000d                save_kernel_stack_pointer
                0x000000008011002b                get_kernel_stack_pointer
                0x000000008011004b                get_kernel_stack_top
                0x000000008011006b                update_current_process_pointer
                0x0000000080110078                get_next_process_pointer
                0x0000000080110085                register_executable_format
                0x0000000080110184                load_executable
 .text          0x0000000080110260       0x9e obj/i386/sched.o
                0x0000000080110260                switch_task
 .text          0x00000000801102fe      0xb87 obj/i386/serialio.o
                0x00000000801102fe                comport
                0x000000008011044d                read_com1
                0x0000000080110478                write_com1
                0x00000000801104a3                read_com2
                0x00000000801104ce                write_com2
                0x00000000801104f9                read_com3
                0x0000000080110524                write_com3
                0x000000008011054f                read_com4
                0x000000008011057a                write_com4
                0x00000000801105a5                com1_irq_handler
                0x00000000801105fd                com2_irq_handler
                0x0000000080110655                com3_irq_handler
                0x00000000801106ad                com4_irq_handler
                0x0000000080110705                serialio_init
                0x0000000080110c63                serial_ioctl
 *fill*         0x0000000080110e85        0xb 
 .text          0x0000000080110e90       0x2e obj/i386/stack.o
                0x0000000080110e90                initializestack
                0x0000000080110ea9                initializekernelstack
                0x0000000080110eb7                get_stack_pointer
 .text          0x0000000080110ebe     0x1108 obj/i386/string.o
                0x0000000080110ebe                strlen
                0x0000000080110efd                strlen_unicode
                0x0000000080110f63                strcpy
                0x0000000080110fa6                strcat
                0x0000000080110ff9                memcpy
                0x000000008011103e                memcmp
                0x000000008011108f                strcmp
                0x00000000801110ea                strcmpi
                0x0000000080111153                memset
                0x0000000080111193                itoa
                0x0000000080111207                reverse
                0x000000008011126c                wildcard
                0x00000000801113f7                touppercase
                0x0000000080111439                wildcard_rename
                0x000000008011157a                strtrunc
                0x00000000801115a4                atoi
                0x00000000801116f6                kprintf
                0x0000000080111967                kprintf_direct
                0x0000000080111ba5                ksprintf
                0x0000000080111e08                tohex
                0x0000000080111edf                tokenize_line
                0x0000000080111f9b                ipow
 *fill*         0x0000000080111fc6        0xa 
 .text          0x0000000080111fd0       0xc3 obj/i386/tss.o
                0x0000000080111fd0                set_tss_esp0
                0x0000000080111fda                get_stack_top
                0x0000000080111fe0                initialize_tss
 *fill*         0x0000000080112093        0xd 
 .text          0x00000000801120a0       0x21 obj/i386/usermode.o
                0x00000000801120a0                switch_to_usermode_and_call_process
 .text          0x00000000801120c1     0x2240 obj/i386/vfs.o
                0x00000000801120c1                findfirst
                0x0000000080112155                findnext
                0x00000000801121e9                open
                0x0000000080112727                delete
                0x00000000801127ed                rename
                0x00000000801128ba                create
                0x00000000801129a2                rmdir
                0x0000000080112a68                mkdir
                0x0000000080112af2                chmod
                0x0000000080112b83                read
                0x0000000080112d13                write
                0x0000000080112e97                ioctl
                0x0000000080112f82                close
                0x0000000080113060                shut
                0x00000000801130dd                dup_internal
                0x0000000080113236                dup
                0x0000000080113252                dup2
                0x000000008011336e                register_filesystem
                0x000000008011349d                detect_filesystem
                0x00000000801135c7                getfullpath
                0x00000000801139bf                openfiles_init
                0x0000000080113b73                init_console_device
                0x0000000080113be3                seek
                0x0000000080113cc1                tell
                0x0000000080113d52                setfiletimedate
                0x0000000080113dbb                getstartblock
                0x0000000080113e30                gethandle
                0x0000000080113ecf                getfilesize
                0x0000000080113f4c                splitname
                0x000000008011405b                updatehandle
                0x00000000801141a3                get_filename_token
                0x0000000080114257                get_filename_token_count
                0x0000000080114293                change_file_owner_pid
 *fill*         0x0000000080114301        0xf 
 .text          0x0000000080114310       0x33 obj/i386/yield.o
                0x0000000080114310                yield
 *fill*         0x0000000080114343        0xd 
 .text          0x0000000080114350      0x12c /usr/local/lib/gcc/i686-elf/4.8.4/libgcc.a(_udivdi3.o)
                0x0000000080114350                __udivdi3

.iplt           0x0000000080114480        0x0
 .iplt          0x0000000000000000        0x0 obj/i386/aainit.o

.data           0x0000000080114480      0x570
 *(.data)
 .data          0x0000000080114480        0x0 obj/i386/ata.o
 .data          0x0000000080114480        0x0 obj/i386/ccp.o
 .data          0x0000000080114480        0x0 obj/i386/clock.o
 .data          0x0000000080114480        0x0 obj/i386/console.o
 .data          0x0000000080114480        0x4 obj/i386/device.o
                0x0000000080114480                lastdrive
 .data          0x0000000080114484        0x0 obj/i386/drive.o
 .data          0x0000000080114484        0x0 obj/i386/elf32.o
 *fill*         0x0000000080114484       0x1c 
 .data          0x00000000801144a0       0xd8 obj/i386/ex.o
                0x00000000801144a0                exp
                0x0000000080114500                regnames
                0x0000000080114540                flagsname
 .data          0x0000000080114578        0x0 obj/i386/fat.o
 *fill*         0x0000000080114578        0x8 
 .data          0x0000000080114580       0x74 obj/i386/floppy.o
                0x0000000080114580                floppy_parameters
                0x0000000080114584                floppytype
                0x00000000801145a0                fdparams
 .data          0x00000000801145f4        0x0 obj/i386/initrd.o
 *fill*         0x00000000801145f4        0xc 
 .data          0x0000000080114600      0x2c0 obj/i386/keyb.o
                0x0000000080114600                scancodes_unshifted
                0x0000000080114760                scancodes_shifted
                0x00000000801148b8                keybuf
                0x00000000801148bc                keylast
 .data          0x00000000801148c0        0x0 obj/i386/memorymanager.o
 .data          0x00000000801148c0        0x0 obj/i386/module.o
 .data          0x00000000801148c0        0x0 obj/i386/multitasking.o
 .data          0x00000000801148c0        0x0 obj/i386/mutex.o
 .data          0x00000000801148c0        0x0 obj/i386/null.o
 .data          0x00000000801148c0        0xc obj/i386/page.o
                0x00000000801148c0                PAGE_SIZE
                0x00000000801148c4                paging_type
                0x00000000801148c8                processpaging
 .data          0x00000000801148cc        0x0 obj/i386/partition.o
 .data          0x00000000801148cc        0x0 obj/i386/pci.o
 .data          0x00000000801148cc        0x0 obj/i386/pic.o
 .data          0x00000000801148cc        0x0 obj/i386/pit.o
 .data          0x00000000801148cc        0x0 obj/i386/port.o
 .data          0x00000000801148cc        0x0 obj/i386/process.o
 *fill*         0x00000000801148cc       0x14 
 .data          0x00000000801148e0      0x110 obj/i386/serialio.o
                0x00000000801148e0                ports
                0x00000000801149c0                parityvals
 .data          0x00000000801149f0        0x0 obj/i386/string.o
 .data          0x00000000801149f0        0x0 obj/i386/vfs.o
 .data          0x00000000801149f0        0x0 /usr/local/lib/gcc/i686-elf/4.8.4/libgcc.a(_udivdi3.o)

.igot.plt       0x00000000801149f0        0x0
 .igot.plt      0x0000000000000000        0x0 obj/i386/aainit.o

.rodata         0x00000000801149f0     0x12ad
 *(.rodata)
 .rodata        0x00000000801149f0      0x12e obj/i386/ata.o
 *fill*         0x0000000080114b1e        0x2 
 .rodata        0x0000000080114b20       0x5f obj/i386/ccp.o
 *fill*         0x0000000080114b7f        0x1 
 .rodata        0x0000000080114b80       0x2e obj/i386/clock.o
 .rodata        0x0000000080114bae        0x7 obj/i386/console.o
 *fill*         0x0000000080114bb5        0x3 
 .rodata        0x0000000080114bb8       0x2d obj/i386/elf32.o
 *fill*         0x0000000080114be5        0x3 
 .rodata        0x0000000080114be8      0x27e obj/i386/ex.o
 .rodata        0x0000000080114e66       0x2c obj/i386/fat.o
 *fill*         0x0000000080114e92        0x2 
 .rodata        0x0000000080114e94       0xbc obj/i386/floppy.o
 .rodata        0x0000000080114f50       0x4c obj/i386/initrd.o
 .rodata        0x0000000080114f9c      0x2b8 obj/i386/keyb.o
 .rodata        0x0000000080115254       0x27 obj/i386/memorymanager.o
 *fill*         0x000000008011527b        0x1 
 .rodata        0x000000008011527c      0x12f obj/i386/module.o
 .rodata        0x00000000801153ab        0x4 obj/i386/null.o
 .rodata        0x00000000801153af        0x5 obj/i386/partition.o
 .rodata        0x00000000801153b4       0x22 obj/i386/pci.o
 .rodata        0x00000000801153d6        0x6 obj/i386/pit.o
 .rodata        0x00000000801153dc      0x35e obj/i386/process.o
 *fill*         0x000000008011573a        0x2 
 .rodata        0x000000008011573c       0xa0 obj/i386/serialio.o
 .rodata        0x00000000801157dc      0x418 obj/i386/string.o
 .rodata        0x0000000080115bf4       0xa9 obj/i386/vfs.o

.eh_frame       0x0000000080115ca0     0x23ec
 .eh_frame      0x0000000080115ca0      0x138 obj/i386/ata.o
 .eh_frame      0x0000000080115dd8       0x20 obj/i386/ccp.o
                                         0x38 (size before relaxing)
 .eh_frame      0x0000000080115df8       0xa0 obj/i386/clock.o
                                         0xb8 (size before relaxing)
 .eh_frame      0x0000000080115e98       0x60 obj/i386/console.o
                                         0x78 (size before relaxing)
 .eh_frame      0x0000000080115ef8      0x18c obj/i386/device.o
                                        0x1a4 (size before relaxing)
 .eh_frame      0x0000000080116084       0x20 obj/i386/drive.o
                                         0x38 (size before relaxing)
 .eh_frame      0x00000000801160a4       0x4c obj/i386/elf32.o
                                         0x64 (size before relaxing)
 .eh_frame      0x00000000801160f0       0x20 obj/i386/ex.o
                                         0x38 (size before relaxing)
 .eh_frame      0x0000000080116110      0x424 obj/i386/fat.o
                                        0x43c (size before relaxing)
 .eh_frame      0x0000000080116534      0x198 obj/i386/floppy.o
                                        0x1b0 (size before relaxing)
 .eh_frame      0x00000000801166cc      0x128 obj/i386/initrd.o
                                        0x140 (size before relaxing)
 .eh_frame      0x00000000801167f4       0x60 obj/i386/keyb.o
                                         0x78 (size before relaxing)
 .eh_frame      0x0000000080116854      0x150 obj/i386/memorymanager.o
                                        0x168 (size before relaxing)
 .eh_frame      0x00000000801169a4       0xa4 obj/i386/module.o
                                         0xbc (size before relaxing)
 .eh_frame      0x0000000080116a48      0x140 obj/i386/multitasking.o
                                        0x158 (size before relaxing)
 .eh_frame      0x0000000080116b88       0x64 obj/i386/mutex.o
                                         0x7c (size before relaxing)
 .eh_frame      0x0000000080116bec       0x40 obj/i386/null.o
                                         0x58 (size before relaxing)
 .eh_frame      0x0000000080116c2c      0x134 obj/i386/page.o
                                        0x14c (size before relaxing)
 .eh_frame      0x0000000080116d60       0x50 obj/i386/partition.o
                                         0x68 (size before relaxing)
 .eh_frame      0x0000000080116db0      0x348 obj/i386/pci.o
                                        0x360 (size before relaxing)
 .eh_frame      0x00000000801170f8       0x40 obj/i386/pic.o
                                         0x58 (size before relaxing)
 .eh_frame      0x0000000080117138       0x84 obj/i386/pit.o
                                         0x9c (size before relaxing)
 .eh_frame      0x00000000801171bc       0xc0 obj/i386/port.o
                                         0xd8 (size before relaxing)
 .eh_frame      0x000000008011727c      0x488 obj/i386/process.o
                                        0x4a0 (size before relaxing)
 .eh_frame      0x0000000080117704      0x1f8 obj/i386/serialio.o
                                        0x210 (size before relaxing)
 .eh_frame      0x00000000801178fc      0x2c4 obj/i386/string.o
                                        0x2dc (size before relaxing)
 .eh_frame      0x0000000080117bc0      0x460 obj/i386/vfs.o
                                        0x478 (size before relaxing)
 .eh_frame      0x0000000080118020       0x6c /usr/local/lib/gcc/i686-elf/4.8.4/libgcc.a(_udivdi3.o)
                                         0x84 (size before relaxing)

.rel.dyn        0x000000008011808c        0x0
 .rel.iplt      0x0000000000000000        0x0 obj/i386/aainit.o
 .rel.text      0x0000000000000000        0x0 obj/i386/aainit.o
 .rel.data      0x0000000000000000        0x0 obj/i386/aainit.o

.bss            0x00000000801180a0      0xd8c
 *(.bss)
 .bss           0x00000000801180a0        0x8 obj/i386/ata.o
                0x00000000801180a0                ata_irq14done
                0x00000000801180a4                ata_irq15done
 .bss           0x00000000801180a8        0x0 obj/i386/ccp.o
 .bss           0x00000000801180a8        0x0 obj/i386/clock.o
 .bss           0x00000000801180a8        0x0 obj/i386/console.o
 .bss           0x00000000801180a8        0xc obj/i386/device.o
                0x00000000801180a8                blockdevices
                0x00000000801180ac                characterdevs
                0x00000000801180b0                drive_bitmap
 .bss           0x00000000801180b4        0x0 obj/i386/drive.o
 .bss           0x00000000801180b4        0x0 obj/i386/elf32.o
 .bss           0x00000000801180b4        0x0 obj/i386/ex.o
 .bss           0x00000000801180b4        0x0 obj/i386/fat.o
 .bss           0x00000000801180b4        0x4 obj/i386/floppy.o
                0x00000000801180b4                irq6done
 .bss           0x00000000801180b8        0x0 obj/i386/initrd.o
 .bss           0x00000000801180b8       0x14 obj/i386/keyb.o
                0x00000000801180b8                capson
                0x00000000801180bc                shiftpressed
                0x00000000801180c0                ctrlpressed
                0x00000000801180c4                altpressed
                0x00000000801180c8                readcount
 .bss           0x00000000801180cc        0xc obj/i386/memorymanager.o
                0x00000000801180cc                dmabuf
                0x00000000801180d0                dmaptr
                0x00000000801180d4                dmabufsize
 .bss           0x00000000801180d8        0x8 obj/i386/module.o
                0x00000000801180d8                externalmodulesymbols
                0x00000000801180dc                externalmodulesymbols_end
 .bss           0x00000000801180e0        0x4 obj/i386/multitasking.o
                0x00000000801180e0                multitaskingenabled
 .bss           0x00000000801180e4        0x0 obj/i386/mutex.o
 .bss           0x00000000801180e4        0x0 obj/i386/null.o
 .bss           0x00000000801180e4        0x0 obj/i386/page.o
 .bss           0x00000000801180e4        0x0 obj/i386/partition.o
 .bss           0x00000000801180e4        0x0 obj/i386/pci.o
 .bss           0x00000000801180e4        0x0 obj/i386/pic.o
 .bss           0x00000000801180e4        0x0 obj/i386/pit.o
 .bss           0x00000000801180e4        0x0 obj/i386/port.o
 .bss           0x00000000801180e4       0x14 obj/i386/process.o
                0x00000000801180e4                last_error_no_process
                0x00000000801180e8                processes
                0x00000000801180ec                currentprocess
                0x00000000801180f0                saveenv
                0x00000000801180f4                executableformats
 .bss           0x00000000801180f8        0x0 obj/i386/serialio.o
 .bss           0x00000000801180f8        0x0 obj/i386/string.o
 .bss           0x00000000801180f8        0xc obj/i386/vfs.o
                0x00000000801180f8                openfiles
                0x00000000801180fc                filesystems
                0x0000000080118100                timescalled
 .bss           0x0000000080118104        0x0 /usr/local/lib/gcc/i686-elf/4.8.4/libgcc.a(_udivdi3.o)
 COMMON         0x0000000080118104        0x8 obj/i386/ata.o
                0x0000000080118104                prdt
                0x0000000080118108                hddmastruct
 COMMON         0x000000008011810c        0x4 obj/i386/console.o
                0x000000008011810c                ppos
 COMMON         0x0000000080118110       0x10 obj/i386/device.o
                0x0000000080118110                characterdevice_mutex
                0x0000000080118118                blockdevice_mutex
 COMMON         0x0000000080118120        0x4 obj/i386/ex.o
                0x0000000080118120                flags
 *fill*         0x0000000080118124       0x1c 
 COMMON         0x0000000080118140       0x40 obj/i386/fat.o
                0x0000000080118140                b
                0x0000000080118160                lfn
 COMMON         0x0000000080118180       0x10 obj/i386/floppy.o
                0x0000000080118180                cyl
                0x0000000080118181                st0
                0x0000000080118182                st
                0x000000008011818c                floppybuf
 COMMON         0x0000000080118190        0x4 obj/i386/initrd.o
                0x0000000080118190                tarptr
 *fill*         0x0000000080118194        0xc 
 COMMON         0x00000000801181a0      0x400 obj/i386/keyb.o
                0x00000000801181a0                keybbuf
 COMMON         0x00000000801185a0        0x8 obj/i386/memorymanager.o
                0x00000000801185a0                memmanager_mutex
 COMMON         0x00000000801185a8        0x4 obj/i386/multitasking.o
                0x00000000801185a8                tickcount
 *fill*         0x00000000801185ac       0x14 
 COMMON         0x00000000801185c0       0x3c obj/i386/pic.o
                0x00000000801185c0                irq_handlers
 *fill*         0x00000000801185fc        0x4 
 COMMON         0x0000000080118600      0x820 obj/i386/process.o
                0x0000000080118600                signalno
                0x0000000080118604                process_mutex
                0x000000008011860c                entrypoint
                0x0000000080118620                tempfilename
                0x0000000080118a20                tempargs
                0x0000000080118e1c                thisprocess
 COMMON         0x0000000080118e20        0xc obj/i386/vfs.o
                0x0000000080118e20                vfs_mutex
                0x0000000080118e28                old
                0x0000000080118e2c                end = .
OUTPUT(bin/i386/CCP.SYS elf32-i386)

.comment        0x0000000000000000       0x11
 .comment       0x0000000000000000       0x11 obj/i386/ata.o
                                         0x12 (size before relaxing)
 .comment       0x0000000000000000       0x12 obj/i386/ccp.o
 .comment       0x0000000000000000       0x12 obj/i386/clock.o
 .comment       0x0000000000000000       0x12 obj/i386/console.o
 .comment       0x0000000000000000       0x12 obj/i386/device.o
 .comment       0x0000000000000000       0x12 obj/i386/drive.o
 .comment       0x0000000000000000       0x12 obj/i386/elf32.o
 .comment       0x0000000000000000       0x12 obj/i386/ex.o
 .comment       0x0000000000000000       0x12 obj/i386/fat.o
 .comment       0x0000000000000000       0x12 obj/i386/floppy.o
 .comment       0x0000000000000000       0x12 obj/i386/initrd.o
 .comment       0x0000000000000000       0x12 obj/i386/keyb.o
 .comment       0x0000000000000000       0x12 obj/i386/memorymanager.o
 .comment       0x0000000000000000       0x12 obj/i386/module.o
 .comment       0x0000000000000000       0x12 obj/i386/multitasking.o
 .comment       0x0000000000000000       0x12 obj/i386/mutex.o
 .comment       0x0000000000000000       0x12 obj/i386/null.o
 .comment       0x0000000000000000       0x12 obj/i386/page.o
 .comment       0x0000000000000000       0x12 obj/i386/partition.o
 .comment       0x0000000000000000       0x12 obj/i386/pci.o
 .comment       0x0000000000000000       0x12 obj/i386/pic.o
 .comment       0x0000000000000000       0x12 obj/i386/pit.o
 .comment       0x0000000000000000       0x12 obj/i386/port.o
 .comment       0x0000000000000000       0x12 obj/i386/process.o
 .comment       0x0000000000000000       0x12 obj/i386/serialio.o
 .comment       0x0000000000000000       0x12 obj/i386/string.o
 .comment       0x0000000000000000       0x12 obj/i386/vfs.o
 .comment       0x0000000000000000       0x12 /usr/local/lib/gcc/i686-elf/4.8.4/libgcc.a(_udivdi3.o)

.debug_info     0x0000000000000000      0x68b
 .debug_info    0x0000000000000000      0x3ad obj/i386/console.o
 .debug_info    0x00000000000003ad      0x2de /usr/local/lib/gcc/i686-elf/4.8.4/libgcc.a(_udivdi3.o)

.debug_abbrev   0x0000000000000000      0x29f
 .debug_abbrev  0x0000000000000000      0x168 obj/i386/console.o
 .debug_abbrev  0x0000000000000168      0x137 /usr/local/lib/gcc/i686-elf/4.8.4/libgcc.a(_udivdi3.o)

.debug_aranges  0x0000000000000000       0x40
 .debug_aranges
                0x0000000000000000       0x20 obj/i386/console.o
 .debug_aranges
                0x0000000000000020       0x20 /usr/local/lib/gcc/i686-elf/4.8.4/libgcc.a(_udivdi3.o)

.debug_line     0x0000000000000000      0x211
 .debug_line    0x0000000000000000      0x159 obj/i386/console.o
 .debug_line    0x0000000000000159       0xb8 /usr/local/lib/gcc/i686-elf/4.8.4/libgcc.a(_udivdi3.o)

.debug_str      0x0000000000000000      0x3b3
 .debug_str     0x0000000000000000      0x255 obj/i386/console.o
                                        0x2c2 (size before relaxing)
 .debug_str     0x0000000000000255      0x15e /usr/local/lib/gcc/i686-elf/4.8.4/libgcc.a(_udivdi3.o)
                                        0x212 (size before relaxing)

.debug_loc      0x0000000000000000      0x4dc
 .debug_loc     0x0000000000000000      0x4dc /usr/local/lib/gcc/i686-elf/4.8.4/libgcc.a(_udivdi3.o)

.debug_ranges   0x0000000000000000       0x48
 .debug_ranges  0x0000000000000000       0x48 /usr/local/lib/gcc/i686-elf/4.8.4/libgcc.a(_udivdi3.o)
